route:
  receiver: "null"
  routes:
  - receiver: mynamespace/myamc/test
    group_by:
    - job
    matchers:
    - namespace="mynamespace"
    continue: true
    routes:
    - receiver: mynamespace/myamc/test2
      group_by:
      - job
      - instance
      matchers:
      - job="foo"
      continue: true
    - receiver: mynamespace/myamc/test3
      group_by:
      - job
      - instance
      matchers:
      - job="bar"
      continue: true
    - receiver: mynamespace/myamc/test4
      group_by:
      - job
      - instance
      matchers:
      - job="foobar"
receivers:
- name: "null"
- name: mynamespace/myamc/test
- name: mynamespace/myamc/test2
- name: mynamespace/myamc/test3
- name: mynamespace/myamc/test4
templates: []
